Microchip MPLAB XC8 Compiler V3.10

Linker command line:

-W-3 \
  --edf=C:\Program Files\Microchip\xc8\v3.10\pic\dat\20250813170317_en.msgs \
  -cn -h+dist/default/debug\MSV.X.debug.sym \
  --cmf=dist/default/debug\MSV.X.debug.cmf -z -Q18F4550 \
  -oC:\Users\nicos\AppData\Local\Temp\xcAsivo.0\driver_tmp_3.o \
  --defsym=__MPLAB_BUILD=1 --fixupoverflow=error \
  -Mdist/default/debug/MSV.X.debug.map \
  --md=C:\Users\nicos\AppData\Local\Temp\xcAsivo.0\driver_tmp_0.dat -E1 \
  -ver=XC8 Compiler -ACODE=00h-07FFFh -ACONST=00h-07FFFh \
  -ASMALLCONST=0800h-08FFhx120 -AMEDIUMCONST=0800h-07FFFh -ACOMRAM=01h-05Fh \
  -AABS1=00h-07FFh -ABIGRAM=01h-07FFh -ARAM=060h-0FFh,0100h-01FFhx7 \
  -ABANK0=060h-0FFh -ABANK1=0100h-01FFh -ABANK2=0200h-02FFh \
  -ABANK3=0300h-03FFh -ABANK4=0400h-04FFh -ABANK5=0500h-05FFh \
  -ABANK6=0600h-06FFh -ABANK7=0700h-07FFh -ASFR=0F60h-0FFFh \
  -ABIGSFR=0F60h-0FFFh -ACONFIG=0300000h-030000Dh -AIDLOC=0200000h-0200007h \
  -AEEDATA=0F00000h-0F000FFh -peeprom_data=EEDATA \
  -preset_vec=00h,intcode=8h,intcodelo=18h,sivt_lo,sivt_hi=CODE \
  -ppowerup=CODE,init -pramtop=0800h -psmallconst=SMALLCONST \
  -pmediumconst=MEDIUMCONST -pconst=CONST -AFARRAM=00h-00h \
  -prdata=COMRAM,nvrram=COMRAM,nvbit=COMRAM,rbss=COMRAM,rbit=COMRAM \
  -pfarbss=FARRAM,fardata=FARRAM,nvFARRAM=FARRAM \
  -pintsave_regs=BIGRAM,bigbss=BIGRAM,bigdata=BIGRAM -pbss=RAM \
  -pidata=CODE,irdata=CODE,ibigdata=CODE,ifardata=CODE -prparam=COMRAM \
  C:\Users\nicos\AppData\Local\Temp\xcAsivo.0\driver_tmp_9.o \
  dist/default/debug\MSV.X.debug.o 

Object code version is 3.11

Machine type is 18F4550



                Name                               Link     Load   Length Selector   Space Scale
C:\Users\nicos\AppData\Local\Temp\xcAsivo.0\driver_tmp_9.o
                config                           300000   300000        8        0       4
                init                                  E        E        4        4       0
                reset_vec                             0        0        4        0       0
dist/default/debug\MSV.X.debug.o
                intcode                               8        8        6        4       0
                config                           300000   300000        8        0       4
                mediumconst                        7E42     7E42      1BE     3F21       0
                text53                             1F20     1F20       38        4       0
                intcode_body                       1F58     1F58       36        4       0
                text51                             114E     114E       BC        4       0
                text50                             2078     2078        4        4       0
                text49                             1B52     1B52       6A        4       0
                text48                              2F6      2F6      26C        4       0
                text47                              9D0      9D0      13A        4       0
                text46                             19D6     19D6       8A        4       0
                text45                             194C     194C       8A        4       0
                text44                             18C2     18C2       8A        4       0
                text43                             163C     163C       A6        4       0
                text42                              B0A      B0A      124        4       0
                text41                             1A60     1A60       80        4       0
                text40                              E56      E56      10A        4       0
                text39                              88E      88E      142        4       0
                text38                             204E     204E       12        4       0
                text37                             203C     203C       12        4       0
                text36                             1DE2     1DE2       44        4       0
                text35                             1FBA     1FBA       26        4       0
                text34                              F60      F60      108        4       0
                text33                             1C76     1C76       4E        4       0
                text32                             1D54     1D54       48        4       0
                text31                             1EE4     1EE4       3C        4       0
                text30                             1D0C     1D0C       48        4       0
                text29                             1786     1786       A2        4       0
                text28                             16E2     16E2       A4        4       0
                text27                             1AE0     1AE0       72        4       0
                text26                               12       12      2E4        4       0
                text25                             1596     1596       A6        4       0
                text24                              562      562      1D6        4       0
                text23                             1F8E     1F8E       2C        4       0
                text22                             1D9C     1D9C       46        4       0
                text21                             1E66     1E66       40        4       0
                text20                             1E26     1E26       40        4       0
                text19                             1BBC     1BBC       64        4       0
                text18                             1430     1430       B6        4       0
                text17                             1CC4     1CC4       48        4       0
                text16                             120A     120A       BA        4       0
                text15                             2016     2016       14        4       0
                text14                             1FE0     1FE0       1C        4       0
                text13                             2074     2074        4        4       0
                text12                             1C20     1C20       56        4       0
                text11                             1068     1068       E6        4       0
                text10                             202A     202A       12        4       0
                text9                              2060     2060        C        4       0
                text8                              206C     206C        8        4       0
                text7                              1828     1828       9A        4       0
                text6                               D4C      D4C      10A        4       0
                text5                              14E6     14E6       B0        4       0
                text4                              1FFC     1FFC       1A        4       0
                text3                               738      738      156        4       0
                text2                              137A     137A       B6        4       0
                text1                              12C4     12C4       B6        4       0
                text0                               C2E      C2E      11E        4       0
                cstackCOMRAM                          2        2       54        2       1
                cstackBANK0                          91       91        2       60       1
                bssBANK2                            200      200       96      200       1
                bssBANK1                            100      100       C8      100       1
                bssBANK0                             60       60       31       60       1
                bssCOMRAM                            56       56        8        2       1
                cinit                              1EA6     1EA6       3E        4       0

TOTAL           Name                               Link     Load   Length     Space
        CLASS   CODE           
                intcode                               8        8        6         0
                init                                  E        E        4         0
                reset_vec                             0        0        4         0
                text53                             1F20     1F20       38         0
                intcode_body                       1F58     1F58       36         0
                text51                             114E     114E       BC         0
                text50                             2078     2078        4         0
                text49                             1B52     1B52       6A         0
                text48                              2F6      2F6      26C         0
                text47                              9D0      9D0      13A         0
                text46                             19D6     19D6       8A         0
                text45                             194C     194C       8A         0
                text44                             18C2     18C2       8A         0
                text43                             163C     163C       A6         0
                text42                              B0A      B0A      124         0
                text41                             1A60     1A60       80         0
                text40                              E56      E56      10A         0
                text39                              88E      88E      142         0
                text38                             204E     204E       12         0
                text37                             203C     203C       12         0
                text36                             1DE2     1DE2       44         0
                text35                             1FBA     1FBA       26         0
                text34                              F60      F60      108         0
                text33                             1C76     1C76       4E         0
                text32                             1D54     1D54       48         0
                text31                             1EE4     1EE4       3C         0
                text30                             1D0C     1D0C       48         0
                text29                             1786     1786       A2         0
                text28                             16E2     16E2       A4         0
                text27                             1AE0     1AE0       72         0
                text26                               12       12      2E4         0
                text25                             1596     1596       A6         0
                text24                              562      562      1D6         0
                text23                             1F8E     1F8E       2C         0
                text22                             1D9C     1D9C       46         0
                text21                             1E66     1E66       40         0
                text20                             1E26     1E26       40         0
                text19                             1BBC     1BBC       64         0
                text18                             1430     1430       B6         0
                text17                             1CC4     1CC4       48         0
                text16                             120A     120A       BA         0
                text15                             2016     2016       14         0
                text14                             1FE0     1FE0       1C         0
                text13                             2074     2074        4         0
                text12                             1C20     1C20       56         0
                text11                             1068     1068       E6         0
                text10                             202A     202A       12         0
                text9                              2060     2060        C         0
                text8                              206C     206C        8         0
                text7                              1828     1828       9A         0
                text6                               D4C      D4C      10A         0
                text5                              14E6     14E6       B0         0
                text4                              1FFC     1FFC       1A         0
                text3                               738      738      156         0
                text2                              137A     137A       B6         0
                text1                              12C4     12C4       B6         0
                text0                               C2E      C2E      11E         0
                cinit                              1EA6     1EA6       3E         0

        CLASS   CONST          

        CLASS   SMALLCONST     

        CLASS   MEDIUMCONST    
                mediumconst                        7E42     7E42      1BE         0

        CLASS   COMRAM         
                cstackCOMRAM                          2        2       54         1
                bssCOMRAM                            56       56        8         1

        CLASS   ABS1           
                abs_s1                                1        1        1         1

        CLASS   BIGRAM         

        CLASS   RAM            

        CLASS   BANK0          
                cstackBANK0                          91       91        2         1
                bssBANK0                             60       60       31         1

        CLASS   BANK1          
                bssBANK1                            100      100       C8         1

        CLASS   BANK2          
                bssBANK2                            200      200       96         1

        CLASS   BANK3          

        CLASS   BANK4          

        CLASS   BANK5          

        CLASS   BANK6          

        CLASS   BANK7          

        CLASS   SFR            

        CLASS   BIGSFR         

        CLASS   CONFIG         
                config                           300000   300000        8         4

        CLASS   IDLOC          

        CLASS   EEDATA         

        CLASS   FARRAM         

        CLASS   HEAP           

        CLASS   STACK          



SEGMENTS        Name                           Load    Length   Top    Selector   Space  Class

                reset_vec                      000000  000004  000004         0       0  CODE    
                cstackCOMRAM                   000002  00005C  00005E         2       1  COMRAM  
                intcode                        000008  002074  00207C         4       0  CODE    
                bssBANK0                       000060  000033  000093        60       1  BANK0   
                bssBANK1                       000100  0000C8  0001C8       100       1  BANK1   
                bssBANK2                       000200  000096  000296       200       1  BANK2   
                mediumconst                    007E42  0001BE  008000      3F21       0  MEDIUMCO


UNUSED ADDRESS RANGES

        Name                Unused          Largest block    Delta
        BANK0            000093-0000FF               6D
        BANK1            0001C8-0001FF               38
        BANK2            000296-0002FF               6A
        BANK3            000300-0003FF              100
        BANK4            000400-0004FF              100
        BANK5            000500-0005FF              100
        BANK6            000600-0006FF              100
        BANK7            000700-0007FF              100
        BIGRAM           00005E-00005F                2
                         000093-0000FF               6D
                         0001C8-0001FF               38
                         000296-0007FF              56A
        BIGSFR           000F60-000FFF               A0
        CODE             000004-000007                4
                         00207C-007E41             5DC6
        COMRAM           00005E-00005F                2
        CONFIG           300008-30000D                6
        CONST            000004-000007                4
                         00207C-007E41             5DC6
        EEDATA           F00000-F000FF              100
        IDLOC            200000-200007                8
        MEDIUMCONST      00207C-007E41             5DC6
        RAM              000093-0000FF               6D
                         0001C8-0001FF               38
                         000296-0007FF              100
        SFR              000F60-000FFF               A0
        SMALLCONST       00207C-007E41              100

                                  Symbol Table

?_BME280_CompensateTemp           cstackCOMRAM 000010
?_BME280_ReadTemp                 cstackCOMRAM 00003B
?_MAX30102_CalcBPM                cstackCOMRAM 00001D
?_MAX30102_GetBPM                 cstackCOMRAM 00003A
?___aldiv                         cstackCOMRAM 000004
?___lldiv                         cstackCOMRAM 000010
?___lmul                          cstackCOMRAM 000004
?___lwdiv                         cstackCOMRAM 000004
?___lwmod                         cstackCOMRAM 000004
ALARMAS_Evaluar@bpm               cstackCOMRAM 000004
ALARMAS_Evaluar@hay_alarma        cstackCOMRAM 00000A
ALARMAS_Evaluar@temp_decimas      cstackCOMRAM 000006
BME280_CompensateTemp@T           cstackCOMRAM 00002F
BME280_CompensateTemp@adc_T       cstackCOMRAM 000010
BME280_CompensateTemp@t_fine      cstackCOMRAM 000033
BME280_CompensateTemp@var1        cstackCOMRAM 000027
BME280_CompensateTemp@var2        cstackCOMRAM 00002B
BME280_Init@chip_id               cstackCOMRAM 000025
BME280_Init@status                cstackCOMRAM 000026
BME280_ReadCalibration@buf        cstackCOMRAM 00001D
BME280_ReadCalibration@status     cstackCOMRAM 000023
BME280_ReadTemp@adc_T             cstackCOMRAM 000051
BME280_ReadTemp@buf               cstackCOMRAM 00004E
BME280_ReadTemp@status            cstackCOMRAM 000055
BME280_ReadTemp@temp_centesimas   cstackCOMRAM 00004A
Boton_Verificar@boton_procesado   bssBANK0     00008C
I2C_Read@_t                       cstackCOMRAM 000005
I2C_Read@_t_311                   cstackCOMRAM 000007
I2C_Read@_t_320                   cstackCOMRAM 000009
I2C_Read@_t_321                   cstackCOMRAM 00000B
I2C_Read@ack                      cstackCOMRAM 00000D
I2C_Read@data                     cstackCOMRAM 00000E
I2C_ReadBurst@addr                cstackCOMRAM 000018
I2C_ReadBurst@buf                 cstackCOMRAM 000010
I2C_ReadBurst@i                   cstackCOMRAM 000019
I2C_ReadBurst@len                 cstackCOMRAM 000012
I2C_ReadBurst@reg                 cstackCOMRAM 00000F
I2C_ReadBurst@status              cstackCOMRAM 00001A
I2C_ReadReg@addr                  cstackCOMRAM 000011
I2C_ReadReg@data                  cstackCOMRAM 000010
I2C_ReadReg@reg                   cstackCOMRAM 00000F
I2C_ReadReg@status                cstackCOMRAM 000012
I2C_RepeatStart@_t                cstackCOMRAM 000005
I2C_RepeatStart@_t_302            cstackCOMRAM 000007
I2C_Start@_t                      cstackCOMRAM 000005
I2C_Start@_t_296                  cstackCOMRAM 000007
I2C_Stop@_t                       cstackCOMRAM 000005
I2C_Stop@_t_299                   cstackCOMRAM 000007
I2C_Write@_t                      cstackCOMRAM 000005
I2C_Write@_t_306                  cstackCOMRAM 000007
I2C_Write@data                    cstackCOMRAM 000009
I2C_WriteReg@addr                 cstackCOMRAM 00000C
I2C_WriteReg@data                 cstackCOMRAM 00000B
I2C_WriteReg@reg                  cstackCOMRAM 00000A
I2C_WriteReg@status               cstackCOMRAM 00000D
LEDS_SetEstado@estado             cstackCOMRAM 000006
MAX30102_CalcBPM@above            cstackCOMRAM 000031
MAX30102_CalcBPM@avg_interval     cstackCOMRAM 00002F
MAX30102_CalcBPM@bpm              cstackCOMRAM 000032
MAX30102_CalcBPM@i                cstackCOMRAM 000039
MAX30102_CalcBPM@max_val          cstackCOMRAM 000034
MAX30102_CalcBPM@min_val          cstackCOMRAM 000036
MAX30102_CalcBPM@peak_count       cstackCOMRAM 000038
MAX30102_CalcBPM@peak_idx         cstackCOMRAM 000023
MAX30102_CalcBPM@threshold        cstackCOMRAM 00002D
MAX30102_CalcBPM@total_interval   cstackCOMRAM 00002B
MAX30102_Init@i                   cstackCOMRAM 000015
MAX30102_Init@part_id             cstackCOMRAM 000014
MAX30102_UpdateBuffer@i           cstackCOMRAM 000031
MAX30102_UpdateBuffer@j           cstackCOMRAM 000030
MAX30102_UpdateBuffer@num_samples cstackCOMRAM 000032
MAX30102_UpdateBuffer@raw_value   cstackCOMRAM 00002A
MAX30102_UpdateBuffer@rd_ptr      cstackCOMRAM 00002F
MAX30102_UpdateBuffer@wr_ptr      cstackCOMRAM 00002E
OLED_Clear@col                    cstackCOMRAM 00000F
OLED_Clear@page                   cstackCOMRAM 000010
OLED_ClearLine@col                cstackCOMRAM 000010
OLED_ClearLine@page               cstackCOMRAM 00000F
OLED_Command@cmd                  cstackCOMRAM 00000E
OLED_Data@data                    cstackCOMRAM 00000E
OLED_SetCursor@col                cstackCOMRAM 000010
OLED_SetCursor@page               cstackCOMRAM 00000F
OLED_WriteChar@c                  cstackCOMRAM 000011
OLED_WriteChar@i                  cstackCOMRAM 000013
OLED_WriteChar@idx                cstackCOMRAM 000012
OLED_WriteInt@digits              cstackCOMRAM 000016
OLED_WriteInt@i                   cstackCOMRAM 00001B
OLED_WriteInt@j                   cstackCOMRAM 00001C
OLED_WriteInt@value               cstackCOMRAM 000014
OLED_WriteString@str              cstackCOMRAM 000014
OLED_WriteTemp@decimas            cstackCOMRAM 00001D
Sistema_InitModulos@init_ok       cstackCOMRAM 000029
UART_SendChar@c                   cstackCOMRAM 000009
UART_SendInt@digits               cstackCOMRAM 00000D
UART_SendInt@i                    cstackCOMRAM 000012
UART_SendInt@j                    cstackCOMRAM 000013
UART_SendInt@value                cstackCOMRAM 00000B
UART_SendString@str               cstackCOMRAM 00000A
UART_SendVitals@bpm               cstackCOMRAM 000014
UART_SendVitals@temp_decimas      cstackCOMRAM 000016
_ADCON1                           (abs)        000FC1
_ALARMAS_Evaluar                  text51       00114E
_ALARMAS_Init                     text13       002074
_ALARMAS_Silenciar                text50       002078
_BME280_CompensateTemp            text48       0002F6
_BME280_CompensateTemp$1821       cstackCOMRAM 000037
_BME280_Init                      text11       001068
_BME280_ReadCalibration           text12       001C20
_BME280_ReadTemp                  text39       00088E
_Boton_Verificar                  text29       001786
_CMCON                            (abs)        000FB4
_I2C_Init                         text10       00202A
_I2C_Read                         text47       0009D0
_I2C_ReadBurst                    text42       000B0A
_I2C_ReadReg                      text25       001596
_I2C_RepeatStart                  text46       0019D6
_I2C_Start                        text45       00194C
_I2C_Stop                         text44       0018C2
_I2C_Write                        text43       00163C
_I2C_WriteReg                     text41       001A60
_INTCONbits                       (abs)        000FF2
_ISR_Global                       intcode      000008
_LATA                             (abs)        000F89
_LATB                             (abs)        000F8A
_LATC                             (abs)        000F8B
_LATD                             (abs)        000F8C
_LATDbits                         (abs)        000F8C
_LATE                             (abs)        000F8D
_LEDS_ApagarTodos                 text8        00206C
_LEDS_Init                        text9        002060
_LEDS_SetEstado                   text7        001828
_MAX30102_CalcBPM                 text26       000012
_MAX30102_GetBPM                  text23       001F8E
_MAX30102_Init                    text6        000D4C
_MAX30102_UpdateBuffer            text24       000562
_OLED_Clear                       text36       001DE2
_OLED_ClearLine                   text22       001D9C
_OLED_Command                     text38       00204E
_OLED_Data                        text37       00203C
_OLED_Init                        text5        0014E6
_OLED_MostrarEstado               text21       001E66
_OLED_MostrarPausa                text20       001E26
_OLED_MostrarVitales              text16       00120A
_OLED_SetCursor                   text35       001FBA
_OLED_WriteChar                   text33       001C76
_OLED_WriteInt                    text18       001430
_OLED_WriteString                 text32       001D54
_OLED_WriteTemp                   text17       001CC4
_OLED_WriteTemp$1820              cstackCOMRAM 00001F
_OSCCON                           (abs)        000FD3
_OSCCONbits                       (abs)        000FD3
_PIE1bits                         (abs)        000F9D
_PIR1bits                         (abs)        000F9E
_PORTBbits                        (abs)        000F81
_RCSTA                            (abs)        000FAB
_SPBRG                            (abs)        000FAF
_SSPADD                           (abs)        000FC8
_SSPBUF                           (abs)        000FC9
_SSPCON1                          (abs)        000FC6
_SSPCON2                          (abs)        000FC5
_SSPCON2bits                      (abs)        000FC5
_SSPSTAT                          (abs)        000FC7
_SSPSTATbits                      (abs)        000FC7
_Sistema_ConfigOscilador          text15       002016
_Sistema_ConfigPines              text14       001FE0
_Sistema_InitModulos              text3        000738
_TRISA                            (abs)        000F92
_TRISB                            (abs)        000F93
_TRISBbits                        (abs)        000F93
_TRISC                            (abs)        000F94
_TRISCbits                        (abs)        000F94
_TRISD                            (abs)        000F95
_TRISE                            (abs)        000F96
_TXREG                            (abs)        000FAD
_TXSTA                            (abs)        000FAC
_UART_Init                        text4        001FFC
_UART_SendChar                    text31       001EE4
_UART_SendInt                     text2        00137A
_UART_SendString                  text30       001D0C
_UART_SendVitals                  text1        0012C4
_UART_SendVitals$1822             cstackCOMRAM 000018
_UART_TxISR                       text53       001F20
__HRAM                            (abs)        000000
__H__absolute__                   __absolute__ 000000
__Habs1                           abs1         000000
__Hbank0                          bank0        000000
__Hbank1                          bank1        000000
__Hbank2                          bank2        000000
__Hbank3                          bank3        000000
__Hbank4                          bank4        000000
__Hbank5                          bank5        000000
__Hbank6                          bank6        000000
__Hbank7                          bank7        000000
__Hbigbss                         bigbss       000000
__Hbigdata                        bigdata      000000
__Hbigram                         bigram       000000
__Hbigsfr                         bigsfr       000000
__Hbss                            bss          000000
__HbssBANK0                       bssBANK0     000000
__HbssBANK1                       bssBANK1     000000
__HbssBANK2                       bssBANK2     000000
__HbssCOMRAM                      bssCOMRAM    000000
__Hcinit                          cinit        000000
__Hclrtext                        clrtext      000000
__Hcomram                         comram       000000
__Hconfig                         config       300008
__Hconst                          const        000000
__HcstackBANK0                    cstackBANK0  000000
__HcstackCOMRAM                   cstackCOMRAM 000000
__Hdata                           data         000000
__Heeprom_data                    eeprom_data  000000
__Hfarbss                         farbss       000000
__Hfardata                        fardata      000000
__Hheap                           heap         000000
__Hibigdata                       ibigdata     000000
__Hidata                          idata        000000
__Hidloc                          idloc        000000
__Hifardata                       ifardata     000000
__Hinit                           init         000012
__Hintcode                        intcode      00000E
__Hintcode_body                   intcode_body 000000
__Hintcodelo                      intcodelo    000018
__Hintentry                       intentry     000000
__Hintret                         intret       000000
__Hintsave_regs                   intsave_regs 000000
__Hirdata                         irdata       000000
__Hmediumconst                    mediumconst  008000
__HnvFARRAM                       nvFARRAM     000000
__Hnvbit                          nvbit        000000
__Hnvrram                         nvrram       000000
__Hparam                          rparam       000000
__Hpowerup                        powerup      000000
__Hram                            ram          000000
__Hramtop                         ramtop       000800
__Hrbit                           rbit         000000
__Hrbss                           rbss         000000
__Hrdata                          rdata        000000
__Hreset_vec                      reset_vec    000004
__Hrparam                         rparam       000000
__Hsfr                            sfr          000000
__Hsivt_hi                        sivt_hi      000000
__Hsivt_lo                        sivt_lo      000018
__Hsmallconst                     smallconst   000000
__Hspace_0                        (abs)        008000
__Hspace_1                        (abs)        000296
__Hspace_2                        (abs)        000000
__Hspace_4                        (abs)        600008
__Hstack                          stack        000000
__Hstruct                         struct       000000
__Htemp                           temp         000000
__Htext                           text         000000
__Htext0                          text0        000000
__Htext1                          text1        000000
__Htext10                         text10       000000
__Htext11                         text11       000000
__Htext12                         text12       000000
__Htext13                         text13       000000
__Htext14                         text14       000000
__Htext15                         text15       000000
__Htext16                         text16       000000
__Htext17                         text17       000000
__Htext18                         text18       000000
__Htext19                         text19       000000
__Htext2                          text2        000000
__Htext20                         text20       000000
__Htext21                         text21       000000
__Htext22                         text22       000000
__Htext23                         text23       000000
__Htext24                         text24       000000
__Htext25                         text25       000000
__Htext26                         text26       000000
__Htext27                         text27       000000
__Htext28                         text28       000000
__Htext29                         text29       000000
__Htext3                          text3        000000
__Htext30                         text30       000000
__Htext31                         text31       000000
__Htext32                         text32       000000
__Htext33                         text33       000000
__Htext34                         text34       000000
__Htext35                         text35       000000
__Htext36                         text36       000000
__Htext37                         text37       000000
__Htext38                         text38       000000
__Htext39                         text39       000000
__Htext4                          text4        000000
__Htext40                         text40       000000
__Htext41                         text41       000000
__Htext42                         text42       000000
__Htext43                         text43       000000
__Htext44                         text44       000000
__Htext45                         text45       000000
__Htext46                         text46       000000
__Htext47                         text47       000000
__Htext48                         text48       000000
__Htext49                         text49       000000
__Htext5                          text5        000000
__Htext50                         text50       000000
__Htext51                         text51       000000
__Htext53                         text53       000000
__Htext6                          text6        000000
__Htext7                          text7        000000
__Htext8                          text8        000000
__Htext9                          text9        000000
__LRAM                            (abs)        000001
__L__absolute__                   __absolute__ 000000
__Labs1                           abs1         000000
__Lbank0                          bank0        000000
__Lbank1                          bank1        000000
__Lbank2                          bank2        000000
__Lbank3                          bank3        000000
__Lbank4                          bank4        000000
__Lbank5                          bank5        000000
__Lbank6                          bank6        000000
__Lbank7                          bank7        000000
__Lbigbss                         bigbss       000000
__Lbigdata                        bigdata      000000
__Lbigram                         bigram       000000
__Lbigsfr                         bigsfr       000000
__Lbss                            bss          000000
__LbssBANK0                       bssBANK0     000000
__LbssBANK1                       bssBANK1     000000
__LbssBANK2                       bssBANK2     000000
__LbssCOMRAM                      bssCOMRAM    000000
__Lcinit                          cinit        000000
__Lclrtext                        clrtext      000000
__Lcomram                         comram       000000
__Lconfig                         config       000000
__Lconst                          const        000000
__LcstackBANK0                    cstackBANK0  000000
__LcstackCOMRAM                   cstackCOMRAM 000000
__Ldata                           data         000000
__Leeprom_data                    eeprom_data  000000
__Lfarbss                         farbss       000000
__Lfardata                        fardata      000000
__Lheap                           heap         000000
__Libigdata                       ibigdata     000000
__Lidata                          idata        000000
__Lidloc                          idloc        000000
__Lifardata                       ifardata     000000
__Linit                           init         00000E
__Lintcode                        intcode      000008
__Lintcode_body                   intcode_body 000000
__Lintcodelo                      intcodelo    000018
__Lintentry                       intentry     000000
__Lintret                         intret       000000
__Lintsave_regs                   intsave_regs 000000
__Lirdata                         irdata       000000
__Lmediumconst                    mediumconst  007E42
__LnvFARRAM                       nvFARRAM     000000
__Lnvbit                          nvbit        000000
__Lnvrram                         nvrram       000000
__Lparam                          rparam       000000
__Lpowerup                        powerup      000000
__Lram                            ram          000000
__Lramtop                         ramtop       000800
__Lrbit                           rbit         000000
__Lrbss                           rbss         000000
__Lrdata                          rdata        000000
__Lreset_vec                      reset_vec    000000
__Lrparam                         rparam       000000
__Lsfr                            sfr          000000
__Lsivt_hi                        sivt_hi      000000
__Lsivt_lo                        sivt_lo      000018
__Lsmallconst                     smallconst   000000
__Lspace_0                        (abs)        000000
__Lspace_1                        (abs)        000000
__Lspace_2                        (abs)        000000
__Lspace_4                        (abs)        000000
__Lstack                          stack        000000
__Lstruct                         struct       000000
__Ltemp                           temp         000000
__Ltext                           text         000000
__Ltext0                          text0        000000
__Ltext1                          text1        000000
__Ltext10                         text10       000000
__Ltext11                         text11       000000
__Ltext12                         text12       000000
__Ltext13                         text13       000000
__Ltext14                         text14       000000
__Ltext15                         text15       000000
__Ltext16                         text16       000000
__Ltext17                         text17       000000
__Ltext18                         text18       000000
__Ltext19                         text19       000000
__Ltext2                          text2        000000
__Ltext20                         text20       000000
__Ltext21                         text21       000000
__Ltext22                         text22       000000
__Ltext23                         text23       000000
__Ltext24                         text24       000000
__Ltext25                         text25       000000
__Ltext26                         text26       000000
__Ltext27                         text27       000000
__Ltext28                         text28       000000
__Ltext29                         text29       000000
__Ltext3                          text3        000000
__Ltext30                         text30       000000
__Ltext31                         text31       000000
__Ltext32                         text32       000000
__Ltext33                         text33       000000
__Ltext34                         text34       000000
__Ltext35                         text35       000000
__Ltext36                         text36       000000
__Ltext37                         text37       000000
__Ltext38                         text38       000000
__Ltext39                         text39       000000
__Ltext4                          text4        000000
__Ltext40                         text40       000000
__Ltext41                         text41       000000
__Ltext42                         text42       000000
__Ltext43                         text43       000000
__Ltext44                         text44       000000
__Ltext45                         text45       000000
__Ltext46                         text46       000000
__Ltext47                         text47       000000
__Ltext48                         text48       000000
__Ltext49                         text49       000000
__Ltext5                          text5        000000
__Ltext50                         text50       000000
__Ltext51                         text51       000000
__Ltext53                         text53       000000
__Ltext6                          text6        000000
__Ltext7                          text7        000000
__Ltext8                          text8        000000
__Ltext9                          text9        000000
__S0                              (abs)        008000
__S1                              (abs)        000296
__S4                              (abs)        000000
__S5                              (abs)        000000
___aldiv                          text40       000E56
___aldiv@counter                  cstackCOMRAM 00000C
___aldiv@dividend                 cstackCOMRAM 000004
___aldiv@divisor                  cstackCOMRAM 000008
___aldiv@quotient                 cstackCOMRAM 00000E
___aldiv@sign                     cstackCOMRAM 00000D
___heap_hi                        (abs)        000000
___heap_lo                        (abs)        000000
___inthi_sp                       stack        000000
___inthi_stack_hi                 stack        000000
___inthi_stack_lo                 stack        000000
___intlo_sp                       stack        000000
___intlo_stack_hi                 stack        000000
___intlo_stack_lo                 stack        000000
___lldiv                          text28       0016E2
___lldiv@counter                  cstackCOMRAM 00001C
___lldiv@dividend                 cstackCOMRAM 000010
___lldiv@divisor                  cstackCOMRAM 000014
___lldiv@quotient                 cstackCOMRAM 000018
___lmul                           text49       001B52
___lmul@multiplicand              cstackCOMRAM 000008
___lmul@multiplier                cstackCOMRAM 000004
___lmul@product                   cstackCOMRAM 00000C
___lwdiv                          text27       001AE0
___lwdiv@counter                  cstackCOMRAM 00000A
___lwdiv@dividend                 cstackCOMRAM 000004
___lwdiv@divisor                  cstackCOMRAM 000006
___lwdiv@quotient                 cstackCOMRAM 000008
___lwmod                          text19       001BBC
___lwmod@counter                  cstackCOMRAM 000008
___lwmod@dividend                 cstackCOMRAM 000004
___lwmod@divisor                  cstackCOMRAM 000006
___param_bank                     (abs)        000000
___rparam_used                    (abs)        000001
___sp                             stack        000000
___stack_hi                       stack        000000
___stack_lo                       stack        000000
__accesstop                       (abs)        000060
__activetblptr                    (abs)        000002
__end_of_ALARMAS_Evaluar          text51       00120A
__end_of_ALARMAS_Init             text13       002078
__end_of_ALARMAS_Silenciar        text50       00207C
__end_of_BME280_CompensateTemp    text48       000562
__end_of_BME280_Init              text11       00114E
__end_of_BME280_ReadCalibration   text12       001C76
__end_of_BME280_ReadTemp          text39       0009D0
__end_of_Boton_Verificar          text29       001828
__end_of_I2C_Init                 text10       00203C
__end_of_I2C_Read                 text47       000B0A
__end_of_I2C_ReadBurst            text42       000C2E
__end_of_I2C_ReadReg              text25       00163C
__end_of_I2C_RepeatStart          text46       001A60
__end_of_I2C_Start                text45       0019D6
__end_of_I2C_Stop                 text44       00194C
__end_of_I2C_Write                text43       0016E2
__end_of_I2C_WriteReg             text41       001AE0
__end_of_ISR_Global               intcode_body 001F8E
__end_of_LEDS_ApagarTodos         text8        002074
__end_of_LEDS_Init                text9        00206C
__end_of_LEDS_SetEstado           text7        0018C2
__end_of_MAX30102_CalcBPM         text26       0002F6
__end_of_MAX30102_GetBPM          text23       001FBA
__end_of_MAX30102_Init            text6        000E56
__end_of_MAX30102_UpdateBuffer    text24       000738
__end_of_OLED_Clear               text36       001E26
__end_of_OLED_ClearLine           text22       001DE2
__end_of_OLED_Command             text38       002060
__end_of_OLED_Data                text37       00204E
__end_of_OLED_Init                text5        001596
__end_of_OLED_MostrarEstado       text21       001EA6
__end_of_OLED_MostrarPausa        text20       001E66
__end_of_OLED_MostrarVitales      text16       0012C4
__end_of_OLED_SetCursor           text35       001FE0
__end_of_OLED_WriteChar           text33       001CC4
__end_of_OLED_WriteInt            text18       0014E6
__end_of_OLED_WriteString         text32       001D9C
__end_of_OLED_WriteTemp           text17       001D0C
__end_of_Sistema_ConfigOscilador  text15       00202A
__end_of_Sistema_ConfigPines      text14       001FFC
__end_of_Sistema_InitModulos      text3        00088E
__end_of_UART_Init                text4        002016
__end_of_UART_SendChar            text31       001F20
__end_of_UART_SendInt             text2        001430
__end_of_UART_SendString          text30       001D54
__end_of_UART_SendVitals          text1        00137A
__end_of_UART_TxISR               text53       001F58
__end_of___aldiv                  text40       000F60
__end_of___lldiv                  text28       001786
__end_of___lmul                   text49       001BBC
__end_of___lwdiv                  text27       001B52
__end_of___lwmod                  text19       001C20
__end_of__initialization          cinit        001ED6
__end_of_charToIndex              text34       001068
__end_of_font5x7                  mediumconst  007F15
__end_of_main                     text0        000D4C
__initialization                  cinit        001EA6
__mediumconst                     mediumconst  007E42
__pbssBANK0                       bssBANK0     000060
__pbssBANK1                       bssBANK1     000100
__pbssBANK2                       bssBANK2     000200
__pbssCOMRAM                      bssCOMRAM    000056
__pcinit                          cinit        001EA6
__pcstackBANK0                    cstackBANK0  000091
__pcstackCOMRAM                   cstackCOMRAM 000002
__pintcode                        intcode      000008
__pintcode_body                   intcode_body 001F58
__pmediumconst                    mediumconst  007E42
__ptext0                          text0        000C2E
__ptext1                          text1        0012C4
__ptext10                         text10       00202A
__ptext11                         text11       001068
__ptext12                         text12       001C20
__ptext13                         text13       002074
__ptext14                         text14       001FE0
__ptext15                         text15       002016
__ptext16                         text16       00120A
__ptext17                         text17       001CC4
__ptext18                         text18       001430
__ptext19                         text19       001BBC
__ptext2                          text2        00137A
__ptext20                         text20       001E26
__ptext21                         text21       001E66
__ptext22                         text22       001D9C
__ptext23                         text23       001F8E
__ptext24                         text24       000562
__ptext25                         text25       001596
__ptext26                         text26       000012
__ptext27                         text27       001AE0
__ptext28                         text28       0016E2
__ptext29                         text29       001786
__ptext3                          text3        000738
__ptext30                         text30       001D0C
__ptext31                         text31       001EE4
__ptext32                         text32       001D54
__ptext33                         text33       001C76
__ptext34                         text34       000F60
__ptext35                         text35       001FBA
__ptext36                         text36       001DE2
__ptext37                         text37       00203C
__ptext38                         text38       00204E
__ptext39                         text39       00088E
__ptext4                          text4        001FFC
__ptext40                         text40       000E56
__ptext41                         text41       001A60
__ptext42                         text42       000B0A
__ptext43                         text43       00163C
__ptext44                         text44       0018C2
__ptext45                         text45       00194C
__ptext46                         text46       0019D6
__ptext47                         text47       0009D0
__ptext48                         text48       0002F6
__ptext49                         text49       001B52
__ptext5                          text5        0014E6
__ptext50                         text50       002078
__ptext51                         text51       00114E
__ptext53                         text53       001F20
__ptext6                          text6        000D4C
__ptext7                          text7        001828
__ptext8                          text8        00206C
__ptext9                          text9        002060
__ramtop                          ramtop       000800
__smallconst                      mediumconst  007E42
_boton_count                      bssBANK0     00008E
_bpm_actual                       bssBANK0     000082
_charToIndex                      text34       000F60
_dig_T1                           bssBANK0     00008A
_dig_T2                           bssBANK0     000088
_dig_T3                           bssBANK0     000086
_en_pausa                         bssCOMRAM    000058
_estado_actual                    bssBANK0     000090
_estado_sistema                   bssCOMRAM    000059
_font5x7                          mediumconst  007E43
_ir_buf                           bssBANK1     000100
_last_bpm                         bssCOMRAM    000056
_last_temp_decimas                bssBANK0     000084
_main                             text0        000C2E
_pausa_dibujada                   bssBANK0     00008D
_raw_buf                          bssBANK2     000200
_samples_in_buf                   bssCOMRAM    00005D
_temp_actual                      bssBANK0     000080
_toggle                           bssBANK0     00008F
_tx_buf                           bssBANK0     000060
_tx_count                         bssCOMRAM    00005A
_tx_head                          bssCOMRAM    00005C
_tx_tail                          bssCOMRAM    00005B
btemp                             (abs)        000001
btemp0                            (abs)        000001
btemp1                            (abs)        000002
charToIndex@c                     cstackCOMRAM 000004
end_of_initialization             cinit        001ED6
int$flags                         (abs)        000001
int_func                          intcode_body 001F58
intlevel0                         text         000000
intlevel1                         text         000000
intlevel2                         text         000000
intlevel3                         text         000000
isa$std                           (abs)        000001
isa$xinst                         (abs)        000000
stackhi                           (abs)        000000
stacklo                           (abs)        000000
start                             init         00000E
start_initialization              cinit        001EA6


MODULE INFORMATION

Module		Function		Class		Link	Load	Size
C:\Program Files\Microchip\xc8\v3.10\pic\sources\c99\common\lwmod.c
		___lwmod       		CODE           	1BBC	0000	100

C:\Program Files\Microchip\xc8\v3.10\pic\sources\c99\common\lwmod.c estimated size: 100

Max30102.c
		_MAX30102_GetBPM		CODE           	1F8E	0000	44
		_MAX30102_CalcBPM		CODE           	0012	0000	740
		_MAX30102_UpdateBuffer		CODE           	0562	0000	470
		_MAX30102_Init 		CODE           	0D4C	0000	266

Max30102.c estimated size: 1520

C:\Program Files\Microchip\xc8\v3.10\pic\sources\c99\common\Umul32.c
		___lmul        		CODE           	1B52	0000	106

C:\Program Files\Microchip\xc8\v3.10\pic\sources\c99\common\Umul32.c estimated size: 106

i2c.c
		_I2C_Write     		CODE           	163C	0000	166
		_I2C_WriteReg  		CODE           	1A60	0000	128
		_I2C_RepeatStart		CODE           	19D6	0000	138
		_I2C_Stop      		CODE           	18C2	0000	138
		_I2C_Read      		CODE           	09D0	0000	314
		_I2C_ReadReg   		CODE           	1596	0000	166
		_I2C_Init      		CODE           	202A	0000	18
		_I2C_ReadBurst 		CODE           	0B0A	0000	292
		_I2C_Start     		CODE           	194C	0000	138

i2c.c estimated size: 1498

Leds.c
		_LEDS_SetEstado		CODE           	1828	0000	154
		_LEDS_ApagarTodos		CODE           	206C	0000	8
		_LEDS_Init     		CODE           	2060	0000	12

Leds.c estimated size: 174

C:\Program Files\Microchip\xc8\v3.10\pic\sources\c99\common\lwdiv.c
		___lwdiv       		CODE           	1AE0	0000	114

C:\Program Files\Microchip\xc8\v3.10\pic\sources\c99\common\lwdiv.c estimated size: 114

Bme280.c
		_BME280_Init   		CODE           	1068	0000	230
		_BME280_CompensateTemp		CODE           	02F6	0000	620
		_BME280_ReadCalibration		CODE           	1C20	0000	86
		_BME280_ReadTemp		CODE           	088E	0000	322

Bme280.c estimated size: 1258

Oled.c
		_OLED_SetCursor		CODE           	1FBA	0000	38
		_OLED_Clear    		CODE           	1DE2	0000	68
		_OLED_Command  		CODE           	204E	0000	18
		_OLED_WriteString		CODE           	1D54	0000	72
		_OLED_WriteInt 		CODE           	1430	0000	182
		_charToIndex   		CODE           	0F60	0000	264
		_OLED_ClearLine		CODE           	1D9C	0000	70
		_OLED_WriteChar		CODE           	1C76	0000	78
		_OLED_WriteTemp		CODE           	1CC4	0000	72
		_OLED_Init     		CODE           	14E6	0000	176
		_OLED_Data     		CODE           	203C	0000	18

Oled.c estimated size: 1056

C:\Program Files\Microchip\xc8\v3.10\pic\sources\c99\common\aldiv.c
		___aldiv       		CODE           	0E56	0000	266

C:\Program Files\Microchip\xc8\v3.10\pic\sources\c99\common\aldiv.c estimated size: 266

Main.c
		_Boton_Verificar		CODE           	1786	0000	162
		_Sistema_ConfigPines		CODE           	1FE0	0000	28
		_OLED_MostrarEstado		CODE           	1E66	0000	64
		_main          		CODE           	0C2E	0000	286
		_Sistema_InitModulos		CODE           	0738	0000	342
		_OLED_MostrarPausa		CODE           	1E26	0000	64
		_OLED_MostrarVitales		CODE           	120A	0000	186
		_Sistema_ConfigOscilador		CODE           	2016	0000	20

Main.c estimated size: 1152

Alarmas.c
		_ALARMAS_Init  		CODE           	2074	0000	4
		_ALARMAS_Silenciar		CODE           	2078	0000	4
		_ALARMAS_Evaluar		CODE           	114E	0000	188

Alarmas.c estimated size: 196

shared
		_font5x7       		MEDIUMCONST    	7E43	0000	210
		__initialization		CODE           	1EA6	0000	48

shared estimated size: 258

C:\Program Files\Microchip\xc8\v3.10\pic\sources\c99\common\__lldiv.c
		___lldiv       		CODE           	16E2	0000	164

C:\Program Files\Microchip\xc8\v3.10\pic\sources\c99\common\__lldiv.c estimated size: 164

Uart.c
		_UART_SendString		CODE           	1D0C	0000	72
		_ISR_Global    		CODE           	0008	0000	60
		_UART_SendVitals		CODE           	12C4	0000	182
		_UART_Init     		CODE           	1FFC	0000	26
		_UART_SendInt  		CODE           	137A	0000	182
		_UART_SendChar 		CODE           	1EE4	0000	60
		_UART_TxISR    		CODE           	1F20	0000	56

Uart.c estimated size: 638

