Microchip MPLAB XC8 Compiler V3.10

Linker command line:

-W-3 \
  --edf=C:\Program Files\Microchip\xc8\v3.10\pic\dat\20250813170317_en.msgs \
  -cn -h+dist/default/debug\frei.X.debug.sym \
  --cmf=dist/default/debug\frei.X.debug.cmf -z -Q18F4550 \
  -oC:\Users\david\AppData\Local\Temp\xcAsusw.0\driver_tmp_3.o \
  --defsym=__MPLAB_BUILD=1 --fixupoverflow=error \
  -Mdist/default/debug/frei.X.debug.map \
  --md=C:\Users\david\AppData\Local\Temp\xcAsusw.0\driver_tmp_0.dat -E1 \
  -ver=XC8 Compiler -ACODE=00h-07FFFh -ACONST=00h-07FFFh \
  -ASMALLCONST=0800h-08FFhx120 -AMEDIUMCONST=0800h-07FFFh -ACOMRAM=01h-05Fh \
  -AABS1=00h-07FFh -ABIGRAM=01h-07FFh -ARAM=060h-0FFh,0100h-01FFhx7 \
  -ABANK0=060h-0FFh -ABANK1=0100h-01FFh -ABANK2=0200h-02FFh \
  -ABANK3=0300h-03FFh -ABANK4=0400h-04FFh -ABANK5=0500h-05FFh \
  -ABANK6=0600h-06FFh -ABANK7=0700h-07FFh -ASFR=0F60h-0FFFh \
  -ABIGSFR=0F60h-0FFFh -ACONFIG=0300000h-030000Dh -AIDLOC=0200000h-0200007h \
  -AEEDATA=0F00000h-0F000FFh -peeprom_data=EEDATA \
  -preset_vec=00h,intcode=8h,intcodelo=18h,sivt_lo,sivt_hi=CODE \
  -ppowerup=CODE,init -pramtop=0800h -psmallconst=SMALLCONST \
  -pmediumconst=MEDIUMCONST -pconst=CONST -AFARRAM=00h-00h \
  -prdata=COMRAM,nvrram=COMRAM,nvbit=COMRAM,rbss=COMRAM,rbit=COMRAM \
  -pfarbss=FARRAM,fardata=FARRAM,nvFARRAM=FARRAM \
  -pintsave_regs=BIGRAM,bigbss=BIGRAM,bigdata=BIGRAM -pbss=RAM \
  -pidata=CODE,irdata=CODE,ibigdata=CODE,ifardata=CODE -prparam=COMRAM \
  C:\Users\david\AppData\Local\Temp\xcAsusw.0\driver_tmp_9.o \
  dist/default/debug\frei.X.debug.o 

Object code version is 3.11

Machine type is 18F4550



                Name                               Link     Load   Length Selector   Space Scale
C:\Users\david\AppData\Local\Temp\xcAsusw.0\driver_tmp_9.o
                config                           300000   300000        8        0       4
                init                               7FFC     7FFC        4     3FFE       0
                reset_vec                             0        0        4        0       0
dist/default/debug\frei.X.debug.o
                config                           300000   300000        8        0       4
                mediumconst                        7E7E     7E7E      17E     3F3F       0
                text11                             79E8     79E8        C     3CF4       0
                text10                             7A56     7A56       2C     3D2B       0
                text9                              7A12     7A12       22     3D09       0
                text8                              7B78     7B78       78     3DBC       0
                text7                              79F4     79F4       1E     3CFA       0
                text6                              7AC2     7AC2       58     3D61       0
                text5                              7C7C     7C7C       C8     3E3E       0
                text4                              7A34     7A34       22     3D1A       0
                text3                              7D44     7D44      13A     3EA2       0
                text2                              7B1A     7B1A       5E     3D8D       0
                text1                              7A82     7A82       40     3D41       0
                text0                              7BF0     7BF0       8C     3DF8       0
                cstackCOMRAM                          1        1        F        1       1
                cinit                              79DE     79DE        A     3CEF       0

TOTAL           Name                               Link     Load   Length     Space
        CLASS   CODE           
                init                               7FFC     7FFC        4         0
                reset_vec                             0        0        4         0
                text11                             79E8     79E8        C         0
                text10                             7A56     7A56       2C         0
                text9                              7A12     7A12       22         0
                text8                              7B78     7B78       78         0
                text7                              79F4     79F4       1E         0
                text6                              7AC2     7AC2       58         0
                text5                              7C7C     7C7C       C8         0
                text4                              7A34     7A34       22         0
                text3                              7D44     7D44      13A         0
                text2                              7B1A     7B1A       5E         0
                text1                              7A82     7A82       40         0
                text0                              7BF0     7BF0       8C         0
                cinit                              79DE     79DE        A         0

        CLASS   CONST          

        CLASS   SMALLCONST     

        CLASS   MEDIUMCONST    
                mediumconst                        7E7E     7E7E      17E         0

        CLASS   COMRAM         
                cstackCOMRAM                          1        1        F         1

        CLASS   ABS1           

        CLASS   BIGRAM         

        CLASS   RAM            

        CLASS   BANK0          

        CLASS   BANK1          

        CLASS   BANK2          

        CLASS   BANK3          

        CLASS   BANK4          

        CLASS   BANK5          

        CLASS   BANK6          

        CLASS   BANK7          

        CLASS   SFR            

        CLASS   BIGSFR         

        CLASS   CONFIG         
                config                           300000   300000        8         4

        CLASS   IDLOC          

        CLASS   EEDATA         

        CLASS   FARRAM         

        CLASS   HEAP           

        CLASS   STACK          



SEGMENTS        Name                           Load    Length   Top    Selector   Space  Class

                reset_vec                      000000  000004  000004         0       0  CODE    
                cstackCOMRAM                   000001  00000F  000010         1       1  COMRAM  
                cinit                          0079DE  00000A  0079E8      3CEF       0  CODE    
                text11                         0079E8  00000C  0079F4      3CF4       0  CODE    
                text7                          0079F4  00001E  007A12      3CFA       0  CODE    
                text9                          007A12  000022  007A34      3D09       0  CODE    
                text4                          007A34  000022  007A56      3D1A       0  CODE    
                text10                         007A56  00002C  007A82      3D2B       0  CODE    
                text1                          007A82  000040  007AC2      3D41       0  CODE    
                text6                          007AC2  000058  007B1A      3D61       0  CODE    
                text2                          007B1A  00005E  007B78      3D8D       0  CODE    
                text8                          007B78  000078  007BF0      3DBC       0  CODE    
                text0                          007BF0  00008C  007C7C      3DF8       0  CODE    
                text5                          007C7C  0000C8  007D44      3E3E       0  CODE    
                text3                          007D44  00013A  007E7E      3EA2       0  CODE    
                mediumconst                    007E7E  00017E  007FFC      3F3F       0  MEDIUMCO
                init                           007FFC  000004  008000      3FFE       0  CODE    


UNUSED ADDRESS RANGES

        Name                Unused          Largest block    Delta
        BANK0            000060-0000FF               A0
        BANK1            000100-0001FF              100
        BANK2            000200-0002FF              100
        BANK3            000300-0003FF              100
        BANK4            000400-0004FF              100
        BANK5            000500-0005FF              100
        BANK6            000600-0006FF              100
        BANK7            000700-0007FF              100
        BIGRAM           000010-0007FF              7F0
        BIGSFR           000F60-000FFF               A0
        CODE             000004-0079DD             79DA
        COMRAM           000010-00005F               50
        CONFIG           300008-30000D                6
        CONST            000004-0079DD             79DA
        EEDATA           F00000-F000FF              100
        IDLOC            200000-200007                8
        MEDIUMCONST      000800-0079DD             71DE
        RAM              000060-0007FF              100
        SFR              000F60-000FFF               A0
        SMALLCONST       000800-0079DD              100

                                  Symbol Table

I2C_Write@data            cstackCOMRAM 000002
I2C_Write@i               cstackCOMRAM 000003
OLED_Clear@i              cstackCOMRAM 000005
OLED_Clear@page           cstackCOMRAM 000006
OLED_Command@cmd          cstackCOMRAM 000004
OLED_SetCursor@col        cstackCOMRAM 000006
OLED_SetCursor@page       cstackCOMRAM 000005
OLED_WriteChar@c          cstackCOMRAM 00000B
OLED_WriteChar@i          cstackCOMRAM 00000A
OLED_WriteChar@index      cstackCOMRAM 000008
OLED_WriteString@str      cstackCOMRAM 00000C
_ADCON1                   (abs)        000FC1
_CMCON                    (abs)        000FB4
_I2C_Init                 text11       0079E8
_I2C_Start                text10       007A56
_I2C_Stop                 text9        007A12
_I2C_Write                text8        007B78
_INTCON2bits              (abs)        000FF1
_LATB                     (abs)        000F8A
_LATBbits                 (abs)        000F8A
_LATD                     (abs)        000F8C
_LATDbits                 (abs)        000F8C
_OLED_Clear               text6        007AC2
_OLED_Command             text7        0079F4
_OLED_Init                text5        007C7C
_OLED_SetCursor           text4        007A34
_OLED_WriteChar           text3        007D44
_OLED_WriteString         text2        007B1A
_OSCCON                   (abs)        000FD3
_OSCCONbits               (abs)        000FD3
_PORTBbits                (abs)        000F81
_TRISB                    (abs)        000F93
_TRISBbits                (abs)        000F93
_TRISD                    (abs)        000F95
__HRAM                    (abs)        000000
__H__absolute__           __absolute__ 000000
__Habs1                   abs1         000000
__Hbank0                  bank0        000000
__Hbank1                  bank1        000000
__Hbank2                  bank2        000000
__Hbank3                  bank3        000000
__Hbank4                  bank4        000000
__Hbank5                  bank5        000000
__Hbank6                  bank6        000000
__Hbank7                  bank7        000000
__Hbigbss                 bigbss       000000
__Hbigdata                bigdata      000000
__Hbigram                 bigram       000000
__Hbigsfr                 bigsfr       000000
__Hbss                    bss          000000
__Hcinit                  cinit        000000
__Hclrtext                clrtext      000000
__Hcomram                 comram       000000
__Hconfig                 config       300008
__Hconst                  const        000000
__HcstackCOMRAM           cstackCOMRAM 000000
__Hdata                   data         000000
__Heeprom_data            eeprom_data  000000
__Hfarbss                 farbss       000000
__Hfardata                fardata      000000
__Hheap                   heap         000000
__Hibigdata               ibigdata     000000
__Hidata                  idata        000000
__Hidloc                  idloc        000000
__Hifardata               ifardata     000000
__Hinit                   init         008000
__Hintcode                intcode      000008
__Hintcode_body           intcode_body 000000
__Hintcodelo              intcodelo    000018
__Hintentry               intentry     000000
__Hintret                 intret       000000
__Hintsave_regs           intsave_regs 000000
__Hirdata                 irdata       000000
__Hmediumconst            mediumconst  007FFC
__HnvFARRAM               nvFARRAM     000000
__Hnvbit                  nvbit        000000
__Hnvrram                 nvrram       000000
__Hparam                  rparam       000000
__Hpowerup                powerup      000000
__Hram                    ram          000000
__Hramtop                 ramtop       000800
__Hrbit                   rbit         000000
__Hrbss                   rbss         000000
__Hrdata                  rdata        000000
__Hreset_vec              reset_vec    000004
__Hrparam                 rparam       000000
__Hsfr                    sfr          000000
__Hsivt_hi                sivt_hi      000000
__Hsivt_lo                sivt_lo      000018
__Hsmallconst             smallconst   000000
__Hspace_0                (abs)        008000
__Hspace_1                (abs)        000010
__Hspace_2                (abs)        000000
__Hspace_4                (abs)        600008
__Hstack                  stack        000000
__Hstruct                 struct       000000
__Htemp                   temp         000000
__Htext                   text         000000
__Htext0                  text0        000000
__Htext1                  text1        000000
__Htext10                 text10       000000
__Htext11                 text11       000000
__Htext2                  text2        000000
__Htext3                  text3        000000
__Htext4                  text4        000000
__Htext5                  text5        000000
__Htext6                  text6        000000
__Htext7                  text7        000000
__Htext8                  text8        000000
__Htext9                  text9        000000
__LRAM                    (abs)        000001
__L__absolute__           __absolute__ 000000
__Labs1                   abs1         000000
__Lbank0                  bank0        000000
__Lbank1                  bank1        000000
__Lbank2                  bank2        000000
__Lbank3                  bank3        000000
__Lbank4                  bank4        000000
__Lbank5                  bank5        000000
__Lbank6                  bank6        000000
__Lbank7                  bank7        000000
__Lbigbss                 bigbss       000000
__Lbigdata                bigdata      000000
__Lbigram                 bigram       000000
__Lbigsfr                 bigsfr       000000
__Lbss                    bss          000000
__Lcinit                  cinit        000000
__Lclrtext                clrtext      000000
__Lcomram                 comram       000000
__Lconfig                 config       000000
__Lconst                  const        000000
__LcstackCOMRAM           cstackCOMRAM 000000
__Ldata                   data         000000
__Leeprom_data            eeprom_data  000000
__Lfarbss                 farbss       000000
__Lfardata                fardata      000000
__Lheap                   heap         000000
__Libigdata               ibigdata     000000
__Lidata                  idata        000000
__Lidloc                  idloc        000000
__Lifardata               ifardata     000000
__Linit                   init         007FFC
__Lintcode                intcode      000008
__Lintcode_body           intcode_body 000000
__Lintcodelo              intcodelo    000018
__Lintentry               intentry     000000
__Lintret                 intret       000000
__Lintsave_regs           intsave_regs 000000
__Lirdata                 irdata       000000
__Lmediumconst            mediumconst  007E7E
__LnvFARRAM               nvFARRAM     000000
__Lnvbit                  nvbit        000000
__Lnvrram                 nvrram       000000
__Lparam                  rparam       000000
__Lpowerup                powerup      000000
__Lram                    ram          000000
__Lramtop                 ramtop       000800
__Lrbit                   rbit         000000
__Lrbss                   rbss         000000
__Lrdata                  rdata        000000
__Lreset_vec              reset_vec    000000
__Lrparam                 rparam       000000
__Lsfr                    sfr          000000
__Lsivt_hi                sivt_hi      000000
__Lsivt_lo                sivt_lo      000018
__Lsmallconst             smallconst   000000
__Lspace_0                (abs)        000000
__Lspace_1                (abs)        000000
__Lspace_2                (abs)        000000
__Lspace_4                (abs)        000000
__Lstack                  stack        000000
__Lstruct                 struct       000000
__Ltemp                   temp         000000
__Ltext                   text         000000
__Ltext0                  text0        000000
__Ltext1                  text1        000000
__Ltext10                 text10       000000
__Ltext11                 text11       000000
__Ltext2                  text2        000000
__Ltext3                  text3        000000
__Ltext4                  text4        000000
__Ltext5                  text5        000000
__Ltext6                  text6        000000
__Ltext7                  text7        000000
__Ltext8                  text8        000000
__Ltext9                  text9        000000
__S0                      (abs)        008000
__S1                      (abs)        000010
__S4                      (abs)        000000
__S5                      (abs)        000000
___heap_hi                (abs)        000000
___heap_lo                (abs)        000000
___inthi_sp               stack        000000
___inthi_stack_hi         stack        000000
___inthi_stack_lo         stack        000000
___intlo_sp               stack        000000
___intlo_stack_hi         stack        000000
___intlo_stack_lo         stack        000000
___param_bank             (abs)        000000
___rparam_used            (abs)        000001
___sp                     stack        000000
___stack_hi               stack        000000
___stack_lo               stack        000000
__accesstop               (abs)        000060
__activetblptr            (abs)        000002
__end_of_I2C_Init         text11       0079F4
__end_of_I2C_Start        text10       007A82
__end_of_I2C_Stop         text9        007A34
__end_of_I2C_Write        text8        007BF0
__end_of_OLED_Clear       text6        007B1A
__end_of_OLED_Command     text7        007A12
__end_of_OLED_Init        text5        007D44
__end_of_OLED_SetCursor   text4        007A56
__end_of_OLED_WriteChar   text3        007E7E
__end_of_OLED_WriteString text2        007B78
__end_of__initialization  cinit        0079DE
__end_of_font5x7          mediumconst  007F47
__end_of_main             text0        007C7C
__end_of_setup            text1        007AC2
__initialization          cinit        0079DE
__mediumconst             mediumconst  007E7E
__pcinit                  cinit        0079DE
__pcstackCOMRAM           cstackCOMRAM 000001
__pmediumconst            mediumconst  007E7E
__ptext0                  text0        007BF0
__ptext1                  text1        007A82
__ptext10                 text10       007A56
__ptext11                 text11       0079E8
__ptext2                  text2        007B1A
__ptext3                  text3        007D44
__ptext4                  text4        007A34
__ptext5                  text5        007C7C
__ptext6                  text6        007AC2
__ptext7                  text7        0079F4
__ptext8                  text8        007B78
__ptext9                  text9        007A12
__ramtop                  ramtop       000800
__smallconst              mediumconst  007E7E
_font5x7                  mediumconst  007E7F
_main                     text0        007BF0
_setup                    text1        007A82
end_of_initialization     cinit        0079DE
intlevel0                 text         000000
intlevel1                 text         000000
intlevel2                 text         000000
intlevel3                 text         000000
isa$std                   (abs)        000001
isa$xinst                 (abs)        000000
stackhi                   (abs)        000000
stacklo                   (abs)        000000
start                     init         007FFC
start_initialization      cinit        0079DE


MODULE INFORMATION

Module		Function		Class		Link	Load	Size
i2c.c
		_I2C_Write     		CODE           	7B78	0000	120
		_I2C_Stop      		CODE           	7A12	0000	34
		_I2C_Init      		CODE           	79E8	0000	12
		_I2C_Start     		CODE           	7A56	0000	44

i2c.c estimated size: 210

shared
		_font5x7       		MEDIUMCONST    	7E7F	0000	200
		__initialization		CODE           	79DE	0000	1

shared estimated size: 201

oled.c
		_OLED_SetCursor		CODE           	7A34	0000	34
		_OLED_Clear    		CODE           	7AC2	0000	88
		_OLED_Command  		CODE           	79F4	0000	30
		_OLED_WriteString		CODE           	7B1A	0000	94
		_OLED_WriteChar		CODE           	7D44	0000	314
		_OLED_Init     		CODE           	7C7C	0000	200

oled.c estimated size: 760

main.c
		_main          		CODE           	7BF0	0000	140
		_setup         		CODE           	7A82	0000	64

main.c estimated size: 204

