Microchip MPLAB XC8 Compiler V3.10

Linker command line:

-W-3 \
  --edf=C:\Program Files\Microchip\xc8\v3.10\pic\dat\20250813170317_en.msgs \
  -cn -h+dist/default/debug\frei.X.debug.sym \
  --cmf=dist/default/debug\frei.X.debug.cmf -z -Q18F4550 \
  -oC:\Users\david\AppData\Local\Temp\xcAsrlg.0\driver_tmp_3.o \
  --defsym=__MPLAB_BUILD=1 --fixupoverflow=error \
  -Mdist/default/debug/frei.X.debug.map \
  --md=C:\Users\david\AppData\Local\Temp\xcAsrlg.0\driver_tmp_0.dat -E1 \
  -ver=XC8 Compiler -ACODE=00h-07FFFh -ACONST=00h-07FFFh \
  -ASMALLCONST=0800h-08FFhx120 -AMEDIUMCONST=0800h-07FFFh -ACOMRAM=01h-05Fh \
  -AABS1=00h-07FFh -ABIGRAM=01h-07FFh -ARAM=060h-0FFh,0100h-01FFhx7 \
  -ABANK0=060h-0FFh -ABANK1=0100h-01FFh -ABANK2=0200h-02FFh \
  -ABANK3=0300h-03FFh -ABANK4=0400h-04FFh -ABANK5=0500h-05FFh \
  -ABANK6=0600h-06FFh -ABANK7=0700h-07FFh -ASFR=0F60h-0FFFh \
  -ABIGSFR=0F60h-0FFFh -ACONFIG=0300000h-030000Dh -AIDLOC=0200000h-0200007h \
  -AEEDATA=0F00000h-0F000FFh -peeprom_data=EEDATA \
  -preset_vec=00h,intcode=8h,intcodelo=18h,sivt_lo,sivt_hi=CODE \
  -ppowerup=CODE,init -pramtop=0800h -psmallconst=SMALLCONST \
  -pmediumconst=MEDIUMCONST -pconst=CONST -AFARRAM=00h-00h \
  -prdata=COMRAM,nvrram=COMRAM,nvbit=COMRAM,rbss=COMRAM,rbit=COMRAM \
  -pfarbss=FARRAM,fardata=FARRAM,nvFARRAM=FARRAM \
  -pintsave_regs=BIGRAM,bigbss=BIGRAM,bigdata=BIGRAM -pbss=RAM \
  -pidata=CODE,irdata=CODE,ibigdata=CODE,ifardata=CODE -prparam=COMRAM \
  C:\Users\david\AppData\Local\Temp\xcAsrlg.0\driver_tmp_9.o \
  dist/default/debug\frei.X.debug.o 

Object code version is 3.11

Machine type is 18F4550



                Name                               Link     Load   Length Selector   Space Scale
C:\Users\david\AppData\Local\Temp\xcAsrlg.0\driver_tmp_9.o
                config                           300000   300000        8        0       4
                init                               7FFC     7FFC        4     3FFE       0
                reset_vec                             0        0        4        0       0
dist/default/debug\frei.X.debug.o
                config                           300000   300000        8        0       4
                mediumconst                        7E4C     7E4C      1B0     3F26       0
                text27                             7056     7056       22     382B       0
                text26                             74CC     74CC       A4     3A66       0
                text25                             72B2     72B2       78     3959       0
                text24                             7C52     7C52      1FA     3E29       0
                text23                             6FE0     6FE0        C     37F0       0
                text22                             73A2     73A2       90     39D1       0
                text21                             70DE     70DE       2C     386F       0
                text20                             7078     7078       22     383C       0
                text19                             6FEC     6FEC       12     37F6       0
                text18                             732A     732A       78     3995       0
                text17                             710A     710A       32     3885       0
                text16                             713C     713C       38     389E       0
                text15                             701A     701A       1E     380D       0
                text14                             7432     7432       9A     3A19       0
                text13                             6FFE     6FFE       1C     37FF       0
                text12                             7AFA     7AFA      158     3D7D       0
                text11                             7038     7038       1E     381C       0
                text10                             71FC     71FC       58     38FE       0
                text9                              709A     709A       22     384D       0
                text8                              787A     787A      13A     3C3D       0
                text7                              7254     7254       5E     392A       0
                text6                              71B4     71B4       48     38DA       0
                text5                              76DE     76DE       C8     3B6F       0
                text4                              761E     761E       C0     3B0F       0
                text3                              7570     7570       AE     3AB8       0
                text2                              77A6     77A6       D4     3BD3       0
                text1                              7174     7174       40     38BA       0
                text0                              79B4     79B4      146     3CDA       0
                cstackCOMRAM                          1        1       2F        1       1
                bssBANK0                             60       60       40       60       1
                bssCOMRAM                            30       30        E        1       1
                cinit                              70BC     70BC       22     385E       0

TOTAL           Name                               Link     Load   Length     Space
        CLASS   CODE           
                init                               7FFC     7FFC        4         0
                reset_vec                             0        0        4         0
                text27                             7056     7056       22         0
                text26                             74CC     74CC       A4         0
                text25                             72B2     72B2       78         0
                text24                             7C52     7C52      1FA         0
                text23                             6FE0     6FE0        C         0
                text22                             73A2     73A2       90         0
                text21                             70DE     70DE       2C         0
                text20                             7078     7078       22         0
                text19                             6FEC     6FEC       12         0
                text18                             732A     732A       78         0
                text17                             710A     710A       32         0
                text16                             713C     713C       38         0
                text15                             701A     701A       1E         0
                text14                             7432     7432       9A         0
                text13                             6FFE     6FFE       1C         0
                text12                             7AFA     7AFA      158         0
                text11                             7038     7038       1E         0
                text10                             71FC     71FC       58         0
                text9                              709A     709A       22         0
                text8                              787A     787A      13A         0
                text7                              7254     7254       5E         0
                text6                              71B4     71B4       48         0
                text5                              76DE     76DE       C8         0
                text4                              761E     761E       C0         0
                text3                              7570     7570       AE         0
                text2                              77A6     77A6       D4         0
                text1                              7174     7174       40         0
                text0                              79B4     79B4      146         0
                cinit                              70BC     70BC       22         0

        CLASS   CONST          

        CLASS   SMALLCONST     

        CLASS   MEDIUMCONST    
                mediumconst                        7E4C     7E4C      1B0         0

        CLASS   COMRAM         
                cstackCOMRAM                          1        1       2F         1
                bssCOMRAM                            30       30        E         1

        CLASS   ABS1           

        CLASS   BIGRAM         

        CLASS   RAM            

        CLASS   BANK0          
                bssBANK0                             60       60       40         1

        CLASS   BANK1          

        CLASS   BANK2          

        CLASS   BANK3          

        CLASS   BANK4          

        CLASS   BANK5          

        CLASS   BANK6          

        CLASS   BANK7          

        CLASS   SFR            

        CLASS   BIGSFR         

        CLASS   CONFIG         
                config                           300000   300000        8         4

        CLASS   IDLOC          

        CLASS   EEDATA         

        CLASS   FARRAM         

        CLASS   HEAP           

        CLASS   STACK          



SEGMENTS        Name                           Load    Length   Top    Selector   Space  Class

                reset_vec                      000000  000004  000004         0       0  CODE    
                cstackCOMRAM                   000001  00003D  00003E         1       1  COMRAM  
                bssBANK0                       000060  000040  0000A0        60       1  BANK0   
                text23                         006FE0  00000C  006FEC      37F0       0  CODE    
                text19                         006FEC  000012  006FFE      37F6       0  CODE    
                text13                         006FFE  00001C  00701A      37FF       0  CODE    
                text15                         00701A  00001E  007038      380D       0  CODE    
                text11                         007038  00001E  007056      381C       0  CODE    
                text27                         007056  000022  007078      382B       0  CODE    
                text20                         007078  000022  00709A      383C       0  CODE    
                text9                          00709A  000022  0070BC      384D       0  CODE    
                cinit                          0070BC  000022  0070DE      385E       0  CODE    
                text21                         0070DE  00002C  00710A      386F       0  CODE    
                text17                         00710A  000032  00713C      3885       0  CODE    
                text16                         00713C  000038  007174      389E       0  CODE    
                text1                          007174  000040  0071B4      38BA       0  CODE    
                text6                          0071B4  000048  0071FC      38DA       0  CODE    
                text10                         0071FC  000058  007254      38FE       0  CODE    
                text7                          007254  00005E  0072B2      392A       0  CODE    
                text25                         0072B2  000078  00732A      3959       0  CODE    
                text18                         00732A  000078  0073A2      3995       0  CODE    
                text22                         0073A2  000090  007432      39D1       0  CODE    
                text14                         007432  00009A  0074CC      3A19       0  CODE    
                text26                         0074CC  0000A4  007570      3A66       0  CODE    
                text3                          007570  0000AE  00761E      3AB8       0  CODE    
                text4                          00761E  0000C0  0076DE      3B0F       0  CODE    
                text5                          0076DE  0000C8  0077A6      3B6F       0  CODE    
                text2                          0077A6  0000D4  00787A      3BD3       0  CODE    
                text8                          00787A  00013A  0079B4      3C3D       0  CODE    
                text0                          0079B4  000146  007AFA      3CDA       0  CODE    
                text12                         007AFA  000158  007C52      3D7D       0  CODE    
                text24                         007C52  0001FA  007E4C      3E29       0  CODE    
                mediumconst                    007E4C  0001B0  007FFC      3F26       0  MEDIUMCO
                init                           007FFC  000004  008000      3FFE       0  CODE    


UNUSED ADDRESS RANGES

        Name                Unused          Largest block    Delta
        BANK0            0000A0-0000FF               60
        BANK1            000100-0001FF              100
        BANK2            000200-0002FF              100
        BANK3            000300-0003FF              100
        BANK4            000400-0004FF              100
        BANK5            000500-0005FF              100
        BANK6            000600-0006FF              100
        BANK7            000700-0007FF              100
        BIGRAM           00003E-00005F               22
                         0000A0-0007FF              760
        BIGSFR           000F60-000FFF               A0
        CODE             000004-006FDF             6FDC
        COMRAM           00003E-00005F               22
        CONFIG           300008-30000D                6
        CONST            000004-006FDF             6FDC
        EEDATA           F00000-F000FF              100
        IDLOC            200000-200007                8
        MEDIUMCONST      000800-006FDF             67E0
        RAM              0000A0-0007FF              100
        SFR              000F60-000FFF               A0
        SMALLCONST       000800-006FDF              100

                                  Symbol Table

?___awdiv                           cstackCOMRAM 000001
?___awmod                           cstackCOMRAM 000009
?___lldiv                           cstackCOMRAM 000001
?_calcular_promedio                 cstackCOMRAM 000001
CAR_HayDedo@ir                      cstackCOMRAM 000001
CAR_ProcesarMuestra@bpm_calc        cstackCOMRAM 000020
CAR_ProcesarMuestra@delta           cstackCOMRAM 00001C
CAR_ProcesarMuestra@i               cstackCOMRAM 000022
CAR_ProcesarMuestra@ir              cstackCOMRAM 000012
CAR_ProcesarMuestra@promedio        cstackCOMRAM 000018
CAR_ProcesarMuestra@red             cstackCOMRAM 00000E
I2C_Read@ack                        cstackCOMRAM 000002
I2C_Read@data                       cstackCOMRAM 000003
I2C_Read@i                          cstackCOMRAM 000004
I2C_Write@data                      cstackCOMRAM 000002
I2C_Write@i                         cstackCOMRAM 000003
MAX30102_Check@part_id              cstackCOMRAM 000007
MAX30102_Init@status                cstackCOMRAM 000009
MAX30102_ReadRegister@data          cstackCOMRAM 000005
MAX30102_ReadRegister@reg           cstackCOMRAM 000006
MAX30102_ReadSample@data            cstackCOMRAM 00001C
MAX30102_ReadSample@ir              cstackCOMRAM 00000A
MAX30102_ReadSample@red             cstackCOMRAM 000009
MAX30102_SamplesAvailable@read_ptr  cstackCOMRAM 000008
MAX30102_SamplesAvailable@write_ptr cstackCOMRAM 000007
MAX30102_WriteRegister@data         cstackCOMRAM 000004
MAX30102_WriteRegister@reg          cstackCOMRAM 000005
OLED_Clear@i                        cstackCOMRAM 000005
OLED_Clear@page                     cstackCOMRAM 000006
OLED_Command@cmd                    cstackCOMRAM 000004
OLED_Error@msg                      cstackCOMRAM 000019
OLED_SetCursor@col                  cstackCOMRAM 000006
OLED_SetCursor@page                 cstackCOMRAM 000005
OLED_WriteChar@c                    cstackCOMRAM 000016
OLED_WriteChar@i                    cstackCOMRAM 000015
OLED_WriteChar@index                cstackCOMRAM 000013
OLED_WriteString@str                cstackCOMRAM 000017
_ADCON1                             (abs)        000FC1
_CAR_HayDedo                        text27       007056
_CAR_ProcesarMuestra                text24       007C52
_CAR_ProcesarMuestra$524            cstackCOMRAM 000016
_CAR_ultimo_delta                   bssCOMRAM    000034
_CMCON                              (abs)        000FB4
_I2C_Init                           text23       006FE0
_I2C_Read                           text22       0073A2
_I2C_RepeatedStart                  text19       006FEC
_I2C_Start                          text21       0070DE
_I2C_Stop                           text20       007078
_I2C_Write                          text18       00732A
_INTCON2bits                        (abs)        000FF1
_LATB                               (abs)        000F8A
_LATBbits                           (abs)        000F8A
_LATD                               (abs)        000F8C
_LATDbits                           (abs)        000F8C
_MAX30102_Check                     text16       00713C
_MAX30102_Init                      text14       007432
_MAX30102_ReadRegister              text17       00710A
_MAX30102_ReadSample                text12       007AFA
_MAX30102_SamplesAvailable          text13       006FFE
_MAX30102_WriteRegister             text15       00701A
_OLED_Clear                         text10       0071FC
_OLED_Command                       text11       007038
_OLED_Error                         text6        0071B4
_OLED_Init                          text5        0076DE
_OLED_SetCursor                     text9        00709A
_OLED_WriteChar                     text8        00787A
_OLED_WriteString                   text7        007254
_OSCCON                             (abs)        000FD3
_OSCCONbits                         (abs)        000FD3
_PORTBbits                          (abs)        000F81
_TRISB                              (abs)        000F93
_TRISBbits                          (abs)        000F93
_TRISD                              (abs)        000F95
__HRAM                              (abs)        000000
__H__absolute__                     __absolute__ 000000
__Habs1                             abs1         000000
__Hbank0                            bank0        000000
__Hbank1                            bank1        000000
__Hbank2                            bank2        000000
__Hbank3                            bank3        000000
__Hbank4                            bank4        000000
__Hbank5                            bank5        000000
__Hbank6                            bank6        000000
__Hbank7                            bank7        000000
__Hbigbss                           bigbss       000000
__Hbigdata                          bigdata      000000
__Hbigram                           bigram       000000
__Hbigsfr                           bigsfr       000000
__Hbss                              bss          000000
__HbssBANK0                         bssBANK0     000000
__HbssCOMRAM                        bssCOMRAM    000000
__Hcinit                            cinit        000000
__Hclrtext                          clrtext      000000
__Hcomram                           comram       000000
__Hconfig                           config       300008
__Hconst                            const        000000
__HcstackCOMRAM                     cstackCOMRAM 000000
__Hdata                             data         000000
__Heeprom_data                      eeprom_data  000000
__Hfarbss                           farbss       000000
__Hfardata                          fardata      000000
__Hheap                             heap         000000
__Hibigdata                         ibigdata     000000
__Hidata                            idata        000000
__Hidloc                            idloc        000000
__Hifardata                         ifardata     000000
__Hinit                             init         008000
__Hintcode                          intcode      000008
__Hintcode_body                     intcode_body 000000
__Hintcodelo                        intcodelo    000018
__Hintentry                         intentry     000000
__Hintret                           intret       000000
__Hintsave_regs                     intsave_regs 000000
__Hirdata                           irdata       000000
__Hmediumconst                      mediumconst  007FFC
__HnvFARRAM                         nvFARRAM     000000
__Hnvbit                            nvbit        000000
__Hnvrram                           nvrram       000000
__Hparam                            rparam       000000
__Hpowerup                          powerup      000000
__Hram                              ram          000000
__Hramtop                           ramtop       000800
__Hrbit                             rbit         000000
__Hrbss                             rbss         000000
__Hrdata                            rdata        000000
__Hreset_vec                        reset_vec    000004
__Hrparam                           rparam       000000
__Hsfr                              sfr          000000
__Hsivt_hi                          sivt_hi      000000
__Hsivt_lo                          sivt_lo      000018
__Hsmallconst                       smallconst   000000
__Hspace_0                          (abs)        008000
__Hspace_1                          (abs)        0000A0
__Hspace_2                          (abs)        000000
__Hspace_4                          (abs)        600008
__Hstack                            stack        000000
__Hstruct                           struct       000000
__Htemp                             temp         000000
__Htext                             text         000000
__Htext0                            text0        000000
__Htext1                            text1        000000
__Htext10                           text10       000000
__Htext11                           text11       000000
__Htext12                           text12       000000
__Htext13                           text13       000000
__Htext14                           text14       000000
__Htext15                           text15       000000
__Htext16                           text16       000000
__Htext17                           text17       000000
__Htext18                           text18       000000
__Htext19                           text19       000000
__Htext2                            text2        000000
__Htext20                           text20       000000
__Htext21                           text21       000000
__Htext22                           text22       000000
__Htext23                           text23       000000
__Htext24                           text24       000000
__Htext25                           text25       000000
__Htext26                           text26       000000
__Htext27                           text27       000000
__Htext3                            text3        000000
__Htext4                            text4        000000
__Htext5                            text5        000000
__Htext6                            text6        000000
__Htext7                            text7        000000
__Htext8                            text8        000000
__Htext9                            text9        000000
__LRAM                              (abs)        000001
__L__absolute__                     __absolute__ 000000
__Labs1                             abs1         000000
__Lbank0                            bank0        000000
__Lbank1                            bank1        000000
__Lbank2                            bank2        000000
__Lbank3                            bank3        000000
__Lbank4                            bank4        000000
__Lbank5                            bank5        000000
__Lbank6                            bank6        000000
__Lbank7                            bank7        000000
__Lbigbss                           bigbss       000000
__Lbigdata                          bigdata      000000
__Lbigram                           bigram       000000
__Lbigsfr                           bigsfr       000000
__Lbss                              bss          000000
__LbssBANK0                         bssBANK0     000000
__LbssCOMRAM                        bssCOMRAM    000000
__Lcinit                            cinit        000000
__Lclrtext                          clrtext      000000
__Lcomram                           comram       000000
__Lconfig                           config       000000
__Lconst                            const        000000
__LcstackCOMRAM                     cstackCOMRAM 000000
__Ldata                             data         000000
__Leeprom_data                      eeprom_data  000000
__Lfarbss                           farbss       000000
__Lfardata                          fardata      000000
__Lheap                             heap         000000
__Libigdata                         ibigdata     000000
__Lidata                            idata        000000
__Lidloc                            idloc        000000
__Lifardata                         ifardata     000000
__Linit                             init         007FFC
__Lintcode                          intcode      000008
__Lintcode_body                     intcode_body 000000
__Lintcodelo                        intcodelo    000018
__Lintentry                         intentry     000000
__Lintret                           intret       000000
__Lintsave_regs                     intsave_regs 000000
__Lirdata                           irdata       000000
__Lmediumconst                      mediumconst  007E4C
__LnvFARRAM                         nvFARRAM     000000
__Lnvbit                            nvbit        000000
__Lnvrram                           nvrram       000000
__Lparam                            rparam       000000
__Lpowerup                          powerup      000000
__Lram                              ram          000000
__Lramtop                           ramtop       000800
__Lrbit                             rbit         000000
__Lrbss                             rbss         000000
__Lrdata                            rdata        000000
__Lreset_vec                        reset_vec    000000
__Lrparam                           rparam       000000
__Lsfr                              sfr          000000
__Lsivt_hi                          sivt_hi      000000
__Lsivt_lo                          sivt_lo      000018
__Lsmallconst                       smallconst   000000
__Lspace_0                          (abs)        000000
__Lspace_1                          (abs)        000000
__Lspace_2                          (abs)        000000
__Lspace_4                          (abs)        000000
__Lstack                            stack        000000
__Lstruct                           struct       000000
__Ltemp                             temp         000000
__Ltext                             text         000000
__Ltext0                            text0        000000
__Ltext1                            text1        000000
__Ltext10                           text10       000000
__Ltext11                           text11       000000
__Ltext12                           text12       000000
__Ltext13                           text13       000000
__Ltext14                           text14       000000
__Ltext15                           text15       000000
__Ltext16                           text16       000000
__Ltext17                           text17       000000
__Ltext18                           text18       000000
__Ltext19                           text19       000000
__Ltext2                            text2        000000
__Ltext20                           text20       000000
__Ltext21                           text21       000000
__Ltext22                           text22       000000
__Ltext23                           text23       000000
__Ltext24                           text24       000000
__Ltext25                           text25       000000
__Ltext26                           text26       000000
__Ltext27                           text27       000000
__Ltext3                            text3        000000
__Ltext4                            text4        000000
__Ltext5                            text5        000000
__Ltext6                            text6        000000
__Ltext7                            text7        000000
__Ltext8                            text8        000000
__Ltext9                            text9        000000
__S0                                (abs)        008000
__S1                                (abs)        0000A0
__S4                                (abs)        000000
__S5                                (abs)        000000
___awdiv                            text4        00761E
___awdiv@counter                    cstackCOMRAM 000005
___awdiv@dividend                   cstackCOMRAM 000001
___awdiv@divisor                    cstackCOMRAM 000003
___awdiv@quotient                   cstackCOMRAM 000007
___awdiv@sign                       cstackCOMRAM 000006
___awmod                            text3        007570
___awmod@counter                    cstackCOMRAM 00000D
___awmod@dividend                   cstackCOMRAM 000009
___awmod@divisor                    cstackCOMRAM 00000B
___awmod@sign                       cstackCOMRAM 00000E
___heap_hi                          (abs)        000000
___heap_lo                          (abs)        000000
___inthi_sp                         stack        000000
___inthi_stack_hi                   stack        000000
___inthi_stack_lo                   stack        000000
___intlo_sp                         stack        000000
___intlo_stack_hi                   stack        000000
___intlo_stack_lo                   stack        000000
___lldiv                            text26       0074CC
___lldiv@counter                    cstackCOMRAM 00000D
___lldiv@dividend                   cstackCOMRAM 000001
___lldiv@divisor                    cstackCOMRAM 000005
___lldiv@quotient                   cstackCOMRAM 000009
___param_bank                       (abs)        000000
___rparam_used                      (abs)        000001
___sp                               stack        000000
___stack_hi                         stack        000000
___stack_lo                         stack        000000
__accesstop                         (abs)        000060
__activetblptr                      (abs)        000002
__end_of_CAR_HayDedo                text27       007078
__end_of_CAR_ProcesarMuestra        text24       007E4C
__end_of_I2C_Init                   text23       006FEC
__end_of_I2C_Read                   text22       007432
__end_of_I2C_RepeatedStart          text19       006FFE
__end_of_I2C_Start                  text21       00710A
__end_of_I2C_Stop                   text20       00709A
__end_of_I2C_Write                  text18       0073A2
__end_of_MAX30102_Check             text16       007174
__end_of_MAX30102_Init              text14       0074CC
__end_of_MAX30102_ReadRegister      text17       00713C
__end_of_MAX30102_ReadSample        text12       007C52
__end_of_MAX30102_SamplesAvailable  text13       00701A
__end_of_MAX30102_WriteRegister     text15       007038
__end_of_OLED_Clear                 text10       007254
__end_of_OLED_Command               text11       007056
__end_of_OLED_Error                 text6        0071FC
__end_of_OLED_Init                  text5        0077A6
__end_of_OLED_SetCursor             text9        0070BC
__end_of_OLED_WriteChar             text8        0079B4
__end_of_OLED_WriteString           text7        0072B2
__end_of___awdiv                    text4        0076DE
__end_of___awmod                    text3        00761E
__end_of___lldiv                    text26       007570
__end_of__initialization            cinit        0070D4
__end_of_calcular_promedio          text25       00732A
__end_of_font5x7                    mediumconst  007F15
__end_of_main                       text0        007AFA
__end_of_mostrar_bpm                text2        00787A
__end_of_setup                      text1        0071B4
__initialization                    cinit        0070BC
__mediumconst                       mediumconst  007E4C
__pbssBANK0                         bssBANK0     000060
__pbssCOMRAM                        bssCOMRAM    000030
__pcinit                            cinit        0070BC
__pcstackCOMRAM                     cstackCOMRAM 000001
__pmediumconst                      mediumconst  007E4C
__ptext0                            text0        0079B4
__ptext1                            text1        007174
__ptext10                           text10       0071FC
__ptext11                           text11       007038
__ptext12                           text12       007AFA
__ptext13                           text13       006FFE
__ptext14                           text14       007432
__ptext15                           text15       00701A
__ptext16                           text16       00713C
__ptext17                           text17       00710A
__ptext18                           text18       00732A
__ptext19                           text19       006FEC
__ptext2                            text2        0077A6
__ptext20                           text20       007078
__ptext21                           text21       0070DE
__ptext22                           text22       0073A2
__ptext23                           text23       006FE0
__ptext24                           text24       007C52
__ptext25                           text25       0072B2
__ptext26                           text26       0074CC
__ptext27                           text27       007056
__ptext3                            text3        007570
__ptext4                            text4        00761E
__ptext5                            text5        0076DE
__ptext6                            text6        0071B4
__ptext7                            text7        007254
__ptext8                            text8        00787A
__ptext9                            text9        00709A
__ramtop                            ramtop       000800
__smallconst                        mediumconst  007E4C
_bpm_actual                         bssCOMRAM    00003A
_buf_idx                            bssCOMRAM    00003B
_calcular_promedio                  text25       0072B2
_en_pico                            bssCOMRAM    000039
_font5x7                            mediumconst  007E4D
_ir_buffer                          bssBANK0     000060
_ir_promedio_ant                    bssCOMRAM    000030
_main                               text0        0079B4
_mostrar_bpm                        text2        0077A6
_muestras_pico                      bssCOMRAM    00003C
_picos_contados                     bssCOMRAM    000038
_setup                              text1        007174
calcular_promedio@i                 cstackCOMRAM 00000D
calcular_promedio@suma              cstackCOMRAM 000009
end_of_initialization               cinit        0070D4
intlevel0                           text         000000
intlevel1                           text         000000
intlevel2                           text         000000
intlevel3                           text         000000
isa$std                             (abs)        000001
isa$xinst                           (abs)        000000
main@bpm                            cstackCOMRAM 000025
main@hay_dedo                       cstackCOMRAM 00002A
main@i                              cstackCOMRAM 00002B
main@ir                             cstackCOMRAM 00002C
main@red                            cstackCOMRAM 000026
mostrar_bpm@bpm                     cstackCOMRAM 00001A
mostrar_bpm@hay_dedo                cstackCOMRAM 000019
stackhi                             (abs)        000000
stacklo                             (abs)        000000
start                               init         007FFC
start_initialization                cinit        0070BC


MODULE INFORMATION

Module		Function		Class		Link	Load	Size
card.c
		_CAR_ProcesarMuestra		CODE           	7C52	0000	506
		_calcular_promedio		CODE           	72B2	0000	120
		_CAR_HayDedo   		CODE           	7056	0000	34

card.c estimated size: 660

C:\Program Files\Microchip\xc8\v3.10\pic\sources\c99\common\awmod.c
		___awmod       		CODE           	7570	0000	174

C:\Program Files\Microchip\xc8\v3.10\pic\sources\c99\common\awmod.c estimated size: 174

max30102.c
		_MAX30102_WriteRegister		CODE           	701A	0000	30
		_MAX30102_ReadRegister		CODE           	710A	0000	50
		_MAX30102_ReadSample		CODE           	7AFA	0000	344
		_MAX30102_SamplesAvailable		CODE           	6FFE	0000	28
		_MAX30102_Init 		CODE           	7432	0000	154
		_MAX30102_Check		CODE           	713C	0000	56

max30102.c estimated size: 662

i2c.c
		_I2C_RepeatedStart		CODE           	6FEC	0000	18
		_I2C_Write     		CODE           	732A	0000	120
		_I2C_Stop      		CODE           	7078	0000	34
		_I2C_Read      		CODE           	73A2	0000	144
		_I2C_Init      		CODE           	6FE0	0000	12
		_I2C_Start     		CODE           	70DE	0000	44

i2c.c estimated size: 372

C:\Program Files\Microchip\xc8\v3.10\pic\sources\c99\common\awdiv.c
		___awdiv       		CODE           	761E	0000	192

C:\Program Files\Microchip\xc8\v3.10\pic\sources\c99\common\awdiv.c estimated size: 192

shared
		_font5x7       		MEDIUMCONST    	7E4D	0000	200
		__initialization		CODE           	70BC	0000	24

shared estimated size: 224

oled.c
		_OLED_SetCursor		CODE           	709A	0000	34
		_OLED_Clear    		CODE           	71FC	0000	88
		_OLED_Command  		CODE           	7038	0000	30
		_OLED_WriteString		CODE           	7254	0000	94
		_OLED_WriteChar		CODE           	787A	0000	314
		_OLED_Init     		CODE           	76DE	0000	200
		_OLED_Error    		CODE           	71B4	0000	72

oled.c estimated size: 832

C:\Program Files\Microchip\xc8\v3.10\pic\sources\c99\common\__lldiv.c
		___lldiv       		CODE           	74CC	0000	164

C:\Program Files\Microchip\xc8\v3.10\pic\sources\c99\common\__lldiv.c estimated size: 164

main.c
		_main          		CODE           	79B4	0000	326
		_setup         		CODE           	7174	0000	64
		_mostrar_bpm   		CODE           	77A6	0000	212

main.c estimated size: 602

